g:\projects\learncpp\learncpp\learncpp\x64\debug\vc143.pdb
g:\projects\learncpp\learncpp\learncpp\x64\debug\vc143.idb
g:\projects\learncpp\learncpp\learncpp\x64\debug\add.obj
g:\projects\learncpp\learncpp\learncpp\x64\debug\learncpp.obj
g:\projects\learncpp\learncpp\learncpp\x64\debug\io.obj
g:\projects\learncpp\learncpp\learncpp\x64\debug\4xex.obj
g:\projects\learncpp\learncpp\learncpp\x64\debug\5xe.obj
g:\projects\learncpp\learncpp\learncpp\x64\debug\6xe.obj
g:\projects\learncpp\learncpp\learncpp\x64\debug\8xe.obj
g:\projects\learncpp\learncpp\learncpp\x64\debug\classexample.obj
g:\projects\learncpp\learncpp\x64\debug\learncpp.exe
g:\projects\learncpp\learncpp\x64\debug\learncpp.pdb
g:\projects\learncpp\learncpp\learncpp\x64\debug\learncpp.ilk
g:\projects\learncpp\learncpp\learncpp\x64\debug\learncpp.tlog\cl.command.1.tlog
g:\projects\learncpp\learncpp\learncpp\x64\debug\learncpp.tlog\cl.items.tlog
g:\projects\learncpp\learncpp\learncpp\x64\debug\learncpp.tlog\cl.read.1.tlog
g:\projects\learncpp\learncpp\learncpp\x64\debug\learncpp.tlog\cl.write.1.tlog
g:\projects\learncpp\learncpp\learncpp\x64\debug\learncpp.tlog\link.command.1.tlog
g:\projects\learncpp\learncpp\learncpp\x64\debug\learncpp.tlog\link.read.1.tlog
g:\projects\learncpp\learncpp\learncpp\x64\debug\learncpp.tlog\link.secondary.1.tlog
g:\projects\learncpp\learncpp\learncpp\x64\debug\learncpp.tlog\link.write.1.tlog
